
> forge@0.0.1 type-check C:\Users\Arnv\MlForge
> tsc --noEmit

app/api/sessions/[sessionId]/route.ts(3,42): error TS2459: Module '"@/lib/session-db"' declares 'getCollection' locally, but it is not exported.
lib/auth.tsx(58,22): error TS2322: Type '{ afterSignOutUrl: string; }' is not assignable to type 'IntrinsicAttributes & Without<WithClerkProp<PropsWithChildren<UserButtonPropsWithoutCustomPages> & FallbackProp>, "clerk">'.
  Property 'afterSignOutUrl' does not exist on type 'IntrinsicAttributes & Without<WithClerkProp<PropsWithChildren<UserButtonPropsWithoutCustomPages> & FallbackProp>, "clerk">'.
lib/session-db.ts(88,23): error TS2345: Argument of type 'ForgeSession' is not assignable to parameter of type 'OptionalId<Document>'.
  Type 'ForgeSession' is not assignable to type '{ _id?: ObjectId | undefined; }'.
    Types of property '_id' are incompatible.
      Type 'string | undefined' is not assignable to type 'ObjectId | undefined'.
        Type 'string' is not assignable to type 'ObjectId'.
lib/session-db.ts(149,10): error TS2352: Conversion of type 'WithId<Document>[]' to type 'Partial<ForgeSession>[]' may be a mistake because neither type sufficiently overlaps with the other. If this was intentional, convert the expression to 'unknown' first.
  Type 'WithId<Document>' is not comparable to type 'Partial<ForgeSession>'.
    Types of property '_id' are incompatible.
      Type 'ObjectId' is not comparable to type 'string'.
lib/session-db.ts(248,10): error TS2352: Conversion of type 'WithId<Document>[]' to type 'Partial<ForgeSession>[]' may be a mistake because neither type sufficiently overlaps with the other. If this was intentional, convert the expression to 'unknown' first.
  Type 'WithId<Document>' is not comparable to type 'Partial<ForgeSession>'.
    Types of property '_id' are incompatible.
      Type 'ObjectId' is not comparable to type 'string'.
ΓÇëELIFECYCLEΓÇë Command failed with exit code 1.
